args: ('normal item', 10, 4) => 'normal item, sellIn: 9, Quality: 3'
args: ('Aged Brie', 10, 4) => 'Aged Brie, sellIn: 9, Quality: 5'
